# Changelog

## [v0.19.1](https://github.com/anchore/syft/tree/v0.19.1) (2021-09-16)

[Full Changelog](https://github.com/anchore/syft/compare/v0.19.0...v0.19.1)

### Bug Fixes

- Redirect cursor hide/show to stderr [[456](https://github.com/anchore/syft/pull/456)]

### Added Features

- added feature
- another added feature

### Breaking Changes

- breaking change


